Microchip MPLAB XC8 Compiler V2.32

Linker command line:

-W-3 --edf=C:\Program Files\Microchip\xc8\v2.32\pic\dat\en_msgs.txt -cn \
  -h+dist/default/production\Lab6.X.production.sym \
  --cmf=dist/default/production\Lab6.X.production.cmf -z -Q18F87K22 \
  -oC:\Users\Will\AppData\Local\Temp\xcAsst4.4 --defsym=__MPLAB_BUILD=1 \
  -Mdist/default/production/Lab6.X.production.map -E1 -ver=XC8 Compiler \
  --acfsm=1493 -ASTACK=01CAh-0F15h -pstack=STACK -ACODE=00h-01FFFFh \
  -ACONST=00h-01FFFFh -ASMALLCONST=01000h-010FFhx496 \
  -AMEDIUMCONST=01000h-0FFFFh,011000h-01FFFFh -ACOMRAM=01h-05Fh \
  -AABS1=00h-0F15h -ABIGRAM=01h-0F15h \
  -ARAM=060h-0FFh,0100h-01FFhx14,0F00h-0F15h -ABANK0=060h-0FFh \
  -ABANK1=0100h-01FFh -ABANK2=0200h-02FFh -ABANK3=0300h-03FFh \
  -ABANK4=0400h-04FFh -ABANK5=0500h-05FFh -ABANK6=0600h-06FFh \
  -ABANK7=0700h-07FFh -ABANK8=0800h-08FFh -ABANK9=0900h-09FFh \
  -ABANK10=0A00h-0AFFh -ABANK11=0B00h-0BFFh -ABANK12=0C00h-0CFFh \
  -ABANK13=0D00h-0DFFh -ABANK14=0E00h-0EFFh -ABANK15=0F00h-0F15h \
  -ASFR=0F16h-0F5Fh,0F60h-0FFFh -ACONFIG=0300000h-030000Dh \
  -AIDLOC=0200000h-0200007h -AEEDATA=0F00000h-0F003FFh -peeprom_data=EEDATA \
  -preset_vec=00h,intcode=08h,intcodelo=018h,powerup,init -pramtop=01000h \
  -psmallconst=SMALLCONST -pmediumconst=MEDIUMCONST -pconst=CONST \
  -AFARRAM=00h-00h \
  -prdata=COMRAM,nvrram=COMRAM,nvbit=COMRAM,rbss=COMRAM,rbit=COMRAM \
  -pfarbss=FARRAM,fardata=FARRAM,nvFARRAM=FARRAM \
  -pintsave_regs=BIGRAM,bigbss=BIGRAM,bigdata=BIGRAM -pbss=RAM \
  -pidata=CODE,irdata=CODE,ibigdata=CODE,ifardata=CODE -prparam=COMRAM \
  C:\Users\Will\AppData\Local\Temp\xcAsst4.o \
  dist/default/production\Lab6.X.production.o 

Object code version is 3.11

Machine type is 18F87K22



                Name                               Link     Load   Length Selector   Space Scale
C:\Users\Will\AppData\Local\Temp\xcAsst4.o
                idloc                            200000   200000        8        0       5
                config                           300000   300000        E        0       4
                init                                 A4       A4        4        C       0
                reset_vec                             0        0        4        0       0
dist/default/production\Lab6.X.production.o
                intcodelo                            18       18       8C        C       0
                intcode                               8        8        6        4       0
                idloc                            200000   200000        8        0       5
                config                           300000   300000        E        0       4
                temp                                 57       57        1        1       1
                smallconst                         1000     1000       2A      800       0
                text53                             4422     4422       68      815       0
                text52                             40DA     40DA       B0      815       0
                intcode_body                       46B6     46B6       4E      815       0
                text50                             3E04     3E04       BC      815       0
                text49                             497C     497C       20      815       0
                text48                             474C     474C       48      815       0
                text47                             4704     4704       48      815       0
                text46                             48C6     48C6       38      815       0
                text45                             4A18     4A18        4     24E7       0
                text44                             4A10     4A10        8     24E7       0
                text42                             3EC0     3EC0       B6      815       0
                text41                             38D4     38D4      100      815       0
                text40                             3F76     3F76       B4      815       0
                text39                             4550     4550       5E      815       0
                text38                             495A     495A       22      815       0
                text37                             499C     499C       1A      815       0
                text36                             30BA     30BA      1B4      815       0
                text35                             43BA     43BA       68      815       0
                text34                             4934     4934       26      815       0
                text33                             488E     488E       38      815       0
                text32                             4664     4664       52      815       0
                text31                             3414     3414      1A4      815       0
                text30                             3C7E     3C7E       C4      815       0
                text29                             402A     402A       B0      815       0
                text28                             2B0E     2B0E      39A      815       0
                text27                             418A     418A       AA      815       0
                text26                             37D0     37D0      104      815       0
                text25                             26E4     26E4      42A      815       0
                text24                             4856     4856       38      815       0
                text23                             2224     2224      4C0      815       0
                text22                             4794     4794       46      815       0
                text21                             36CA     36CA      106      815       0
                text20                             39D4     39D4       FE      815       0
                text19                             2EA8     2EA8      212      815       0
                text18                             4A1C     4A1C        2     24E7       0
                text17                             3BB4     3BB4       CA      815       0
                text16                             47DA     47DA       44      815       0
                text15                             48FE     48FE       36      815       0
                text14                             3D42     3D42       C2      815       0
                text13                             481E     481E       38      815       0
                text12                             44F0     44F0       60      815       0
                text11                             102A     102A      C5A      815       0
                text10                             3AD2     3AD2       E2      815       0
                text9                              1C84     1C84      5A0      815       0
                text8                              448A     448A       66      815       0
                text7                              460A     460A       5A      815       0
                text6                              326E     326E      1A6      815       0
                text5                              434E     434E       6C      815       0
                text4                              35B8     35B8      112      815       0
                text3                              49FA     49FA       16     24E7       0
                text2                              49E4     49E4       16     24E7       0
                text1                              49CE     49CE       16     24E7       0
                text0                              4234     4234       9A      815       0
                cstackCOMRAM                          1        1       4E        1       1
                cstackBANK0                          60       60       58       60       1
                cstackBANK1                         1C2      1C2        8      100       1
                dataBANK1                           166      166       5C      100       1
                bssBANK1                            100      100       66      100       1
                dataBANK0                            E3       E3       17       60       1
                bssBANK0                             B8       B8       2B       60       1
                dataCOMRAM                           56       56        1        1       1
                bssCOMRAM                            4F       4F        7        1       1
                cinit                              42CE     42CE       80      815       0
                nvBANK0                              FA       FA        5       60       1
                idataBANK1                         45AE     45AE       5C      815       0
                idataBANK0                         49B6     49B6       17      815       0
                idataCOMRAM                        4A1E     4A1E        1     24E7       0

TOTAL           Name                               Link     Load   Length     Space
        CLASS   STACK          

        CLASS   CODE           
                intcodelo                            18       18       8C         0
                intcode                               8        8        6         0
                init                                 A4       A4        4         0
                reset_vec                             0        0        4         0
                text53                             4422     4422       68         0
                text52                             40DA     40DA       B0         0
                intcode_body                       46B6     46B6       4E         0
                text50                             3E04     3E04       BC         0
                text49                             497C     497C       20         0
                text48                             474C     474C       48         0
                text47                             4704     4704       48         0
                text46                             48C6     48C6       38         0
                text45                             4A18     4A18        4         0
                text44                             4A10     4A10        8         0
                text42                             3EC0     3EC0       B6         0
                text41                             38D4     38D4      100         0
                text40                             3F76     3F76       B4         0
                text39                             4550     4550       5E         0
                text38                             495A     495A       22         0
                text37                             499C     499C       1A         0
                text36                             30BA     30BA      1B4         0
                text35                             43BA     43BA       68         0
                text34                             4934     4934       26         0
                text33                             488E     488E       38         0
                text32                             4664     4664       52         0
                text31                             3414     3414      1A4         0
                text30                             3C7E     3C7E       C4         0
                text29                             402A     402A       B0         0
                text28                             2B0E     2B0E      39A         0
                text27                             418A     418A       AA         0
                text26                             37D0     37D0      104         0
                text25                             26E4     26E4      42A         0
                text24                             4856     4856       38         0
                text23                             2224     2224      4C0         0
                text22                             4794     4794       46         0
                text21                             36CA     36CA      106         0
                text20                             39D4     39D4       FE         0
                text19                             2EA8     2EA8      212         0
                text18                             4A1C     4A1C        2         0
                text17                             3BB4     3BB4       CA         0
                text16                             47DA     47DA       44         0
                text15                             48FE     48FE       36         0
                text14                             3D42     3D42       C2         0
                text13                             481E     481E       38         0
                text12                             44F0     44F0       60         0
                text11                             102A     102A      C5A         0
                text10                             3AD2     3AD2       E2         0
                text9                              1C84     1C84      5A0         0
                text8                              448A     448A       66         0
                text7                              460A     460A       5A         0
                text6                              326E     326E      1A6         0
                text5                              434E     434E       6C         0
                text4                              35B8     35B8      112         0
                text3                              49FA     49FA       16         0
                text2                              49E4     49E4       16         0
                text1                              49CE     49CE       16         0
                text0                              4234     4234       9A         0
                cinit                              42CE     42CE       80         0
                idataBANK1                         45AE     45AE       5C         0
                idataBANK0                         49B6     49B6       17         0
                idataCOMRAM                        4A1E     4A1E        1         0

        CLASS   CONST          

        CLASS   SMALLCONST     
                smallconst                         1000     1000       2A         0

        CLASS   MEDIUMCONST    

        CLASS   COMRAM         
                temp                                 57       57        1         1
                cstackCOMRAM                          1        1       4E         1
                dataCOMRAM                           56       56        1         1
                bssCOMRAM                            4F       4F        7         1

        CLASS   ABS1           

        CLASS   BIGRAM         

        CLASS   RAM            

        CLASS   BANK0          
                cstackBANK0                          60       60       58         1
                dataBANK0                            E3       E3       17         1
                bssBANK0                             B8       B8       2B         1
                nvBANK0                              FA       FA        5         1

        CLASS   BANK1          
                cstackBANK1                         1C2      1C2        8         1
                dataBANK1                           166      166       5C         1
                bssBANK1                            100      100       66         1

        CLASS   BANK2          

        CLASS   BANK3          

        CLASS   BANK4          

        CLASS   BANK5          

        CLASS   BANK6          

        CLASS   BANK7          

        CLASS   BANK8          

        CLASS   BANK9          

        CLASS   BANK10         

        CLASS   BANK11         

        CLASS   BANK12         

        CLASS   BANK13         

        CLASS   BANK14         

        CLASS   BANK15         

        CLASS   SFR            

        CLASS   CONFIG         
                config                           300000   300000        E         4

        CLASS   IDLOC          
                idloc                            200000   200000        8         5

        CLASS   EEDATA         

        CLASS   FARRAM         



SEGMENTS        Name                           Load    Length   Top    Selector   Space  Class

                reset_vec                      000000  000004  000004         0       0  CODE    
                cstackCOMRAM                   000001  000057  000058         1       1  COMRAM  
                intcode                        000008  000006  00000E         4       0  CODE    
                intcodelo                      000018  000090  0000A8         C       0  CODE    
                cstackBANK0                    000060  00009F  0000FF        60       1  BANK0   
                bssBANK1                       000100  0000CA  0001CA       100       1  BANK1   
                smallconst                     001000  00002A  00102A       800       0  SMALLCON
                text11                         00102A  0039A3  0049CD       815       0  CODE    
                text1                          0049CE  000051  004A1F      24E7       0  CODE    


UNUSED ADDRESS RANGES

        Name                Unused          Largest block    Delta
        BANK0            0000FF-0000FF                1
        BANK1            0001CA-0001FF               36
        BANK10           000A00-000AFF              100
        BANK11           000B00-000BFF              100
        BANK12           000C00-000CFF              100
        BANK13           000D00-000DFF              100
        BANK14           000E00-000EFF              100
        BANK15           000F00-000F15               16
        BANK2            000200-0002FF              100
        BANK3            000300-0003FF              100
        BANK4            000400-0004FF              100
        BANK5            000500-0005FF              100
        BANK6            000600-0006FF              100
        BANK7            000700-0007FF              100
        BANK8            000800-0008FF              100
        BANK9            000900-0009FF              100
        BIGRAM           000058-00005F                8
                         0000FF-0000FF                1
                         0001CA-000F15              D4C
        CODE             000004-000007                4
                         00000E-000017                A
                         0000A8-000FFF              F58
                         0049CD-0049CD                1
                         004A1F-01FFFF            1B5E1
        COMRAM           000058-00005F                8
        CONST            000004-000007                4
                         00000E-000017                A
                         0000A8-000FFF              F58
                         0049CD-0049CD                1
                         004A1F-01FFFF            1B5E1
        EEDATA           F00000-F003FF              400
        MEDIUMCONST      0049CD-0049CD                1
                         004A1F-00FFFF             B5E1
                         011000-01FFFF             F000
        RAM              0000FF-0000FF                1
                         0001CA-000F15              100
        SFR              000F16-000FFF               4A
        SMALLCONST       0049CD-0049CD                1
                         004A1F-01FFFF              100
        STACK            0001CA-000F15              D4C

                                  Symbol Table

?___awdiv                      cstackCOMRAM 000008
?___awmod                      cstackCOMRAM 000008
?___fladd                      cstackCOMRAM 000008
?___fldiv                      cstackCOMRAM 000008
?___flmul                      cstackCOMRAM 000016
?___flneg                      cstackCOMRAM 000008
?___flsub                      cstackCOMRAM 00002F
?___fltol                      cstackCOMRAM 000008
?___fpclassifyf                cstackCOMRAM 000008
?___wmul                       cstackCOMRAM 000008
?___xxtofl                     cstackCOMRAM 000008
?_atoi                         cstackCOMRAM 00000F
?_efgtoa                       cstackCOMRAM 00003B
?_floorf                       cstackCOMRAM 000021
?_isdigit                      cstackCOMRAM 000008
?_isspace                      cstackCOMRAM 000008
?_isupper                      cstackCOMRAM 000008
?_pad                          cstackCOMRAM 000018
?_sprintf                      cstackBANK0  0000B0
?_strcmp                       cstackCOMRAM 000008
?_strlen                       cstackCOMRAM 000008
?_strncmp                      cstackCOMRAM 000008
?_tolower                      cstackCOMRAM 00000E
?_vfpfcnvrt                    cstackCOMRAM 000047
?_vfprintf                     cstackBANK0  0000AA
DisplayC@LCDStr                cstackCOMRAM 000012
DisplayC@temp                  cstackCOMRAM 000014
DisplayV@LCDStr                cstackCOMRAM 000008
DisplayV@count                 cstackCOMRAM 00000B
DisplayV@nibble                cstackCOMRAM 00000A
InitLCD@count                  cstackCOMRAM 000009
InitLCD@nibble                 cstackCOMRAM 00000A
_ADCON0                        (abs)        000FC2
_ADCON0bits                    (abs)        000FC2
_ADCON1bits                    (abs)        000FC1
_ADCON2                        (abs)        000FC0
_ADRES                         (abs)        000FC3
_ANCON0                        (abs)        000F25
_ANCON1                        (abs)        000F24
_ANCON2                        (abs)        000F23
_BAUDCON1                      (abs)        000F65
_CCP1CON                       (abs)        000FBB
_CCP1Handler                   text49       00497C
_CCP3CON                       (abs)        000F49
_CCP3Handler                   text47       004704
_CCPR1                         (abs)        000FBC
_CCPR3                         (abs)        000F4A
_CCPR3H                        (abs)        000F4B
_CCPR3L                        (abs)        000F4A
_CCPR3X                        nvBANK0      0000FE
_CCPTMRS0bits                  (abs)        000F2D
_DACData                       dataBANK0    0000EB
_DACTemp                       bssBANK0     0000C6
_DACTempSend                   bssBANK0     0000C4
_DTIMEDACH                     bssBANK0     0000D0
_DTIMEDACL                     bssBANK0     0000D1
_DTIMEOFFH                     bssBANK0     0000D6
_DTIMEOFFL                     bssBANK0     0000D7
_DTIMEOFFX                     bssBANK0     0000D5
_DTIMEONH                      bssBANK0     0000D9
_DTIMEONL                      bssBANK0     0000DA
_DTIMEONX                      bssBANK0     0000D8
_DisplayC                      text38       00495A
_DisplayV                      text40       003F76
_EUSARTCommandHandler          text53       004422
_HiPriISR                      intcode      000008
_INTCON2bits                   (abs)        000FF1
_INTCONbits                    (abs)        000FF2
_IPR1bits                      (abs)        000F9F
_IPR2bits                      (abs)        000FA2
_IPR3bits                      (abs)        000FA5
_IPR4bits                      (abs)        000FB8
_InitLCD                       text42       003EC0
_Initial                       text41       0038D4
_LATA                          (abs)        000F89
_LATAbits                      (abs)        000F89
_LATB                          (abs)        000F8A
_LATBbits                      (abs)        000F8A
_LATC                          (abs)        000F8B
_LATD                          (abs)        000F8C
_LATDbits                      (abs)        000F8C
_LATEbits                      (abs)        000F8D
_LCDInitStr_                   smallconst   001003
_LED_count                     dataCOMRAM   000056
_LoPriISR                      intcodelo    000018
_PIE1bits                      (abs)        000F9D
_PIE2bits                      (abs)        000FA0
_PIE3bits                      (abs)        000FA3
_PIE4bits                      (abs)        000FB6
_PIR1bits                      (abs)        000F9E
_PIR2bits                      (abs)        000FA1
_PIR3bits                      (abs)        000FA4
_PIR4bits                      (abs)        000FB7
_PORTB                         (abs)        000F81
_RCONbits                      (abs)        000FD0
_RCREG1                        (abs)        000FAE
_RCSTA1                        (abs)        000FAB
_RCSTA1bits                    (abs)        000FAB
_SPBRG1                        (abs)        000FAF
_SSP1BUF                       (abs)        000FC9
_SSP1CON1bits                  (abs)        000FC6
_SSP1STATbits                  (abs)        000FC7
_T0CON                         (abs)        000FD5
_T0CONbits                     (abs)        000FD5
_T1CON                         (abs)        000FCD
_T1CONbits                     (abs)        000FCD
_T3CON                         (abs)        000FB1
_T3CONbits                     (abs)        000FB1
_TMR0H                         (abs)        000FD7
_TMR0Handler                   text46       0048C6
_TMR0L                         (abs)        000FD6
_TMR1Handler                   text45       004A18
_TMR3Handler                   text44       004A10
_TMR3X                         bssBANK0     0000D4
_TRISA                         (abs)        000F92
_TRISB                         (abs)        000F93
_TRISBbits                     (abs)        000F93
_TRISC                         (abs)        000F94
_TRISD                         (abs)        000F95
_TRISE                         (abs)        000F96
_TXREG1                        (abs)        000FAD
_TXSTA1                        (abs)        000FAC
__HRAM                         (abs)        000000
__Habs1                        abs1         000000
__Hbank0                       bank0        000000
__Hbank1                       bank1        000000
__Hbank10                      bank10       000000
__Hbank11                      bank11       000000
__Hbank12                      bank12       000000
__Hbank13                      bank13       000000
__Hbank14                      bank14       000000
__Hbank15                      bank15       000000
__Hbank2                       bank2        000000
__Hbank3                       bank3        000000
__Hbank4                       bank4        000000
__Hbank5                       bank5        000000
__Hbank6                       bank6        000000
__Hbank7                       bank7        000000
__Hbank8                       bank8        000000
__Hbank9                       bank9        000000
__Hbigbss                      bigbss       000000
__Hbigdata                     bigdata      000000
__Hbigram                      bigram       000000
__Hbss                         bss          000000
__HbssBANK0                    bssBANK0     000000
__HbssBANK1                    bssBANK1     000000
__HbssCOMRAM                   bssCOMRAM    000000
__Hcinit                       cinit        000000
__Hclrtext                     clrtext      000000
__Hcomram                      comram       000000
__Hconfig                      config       30000E
__Hconst                       const        000000
__HcstackBANK0                 cstackBANK0  000000
__HcstackBANK1                 cstackBANK1  000000
__HcstackCOMRAM                cstackCOMRAM 000000
__Hdata                        data         000000
__HdataBANK0                   dataBANK0    000000
__HdataBANK1                   dataBANK1    000000
__HdataCOMRAM                  dataCOMRAM   000000
__Heeprom_data                 eeprom_data  000000
__Hfarbss                      farbss       000000
__Hfardata                     fardata      000000
__Hibigdata                    ibigdata     000000
__Hidata                       idata        000000
__HidataBANK0                  idataBANK0   000000
__HidataBANK1                  idataBANK1   000000
__HidataCOMRAM                 idataCOMRAM  000000
__Hidloc                       idloc        200008
__Hifardata                    ifardata     000000
__Hinit                        init         0000A8
__Hintcode                     intcode      00000E
__Hintcode_body                intcode_body 000000
__Hintcodelo                   intcodelo    0000A4
__Hintentry                    intentry     000000
__Hintret                      intret       000000
__Hintsave_regs                intsave_regs 000000
__Hirdata                      irdata       000000
__Hmediumconst                 mediumconst  000000
__HnvBANK0                     nvBANK0      000000
__HnvFARRAM                    nvFARRAM     000000
__Hnvbit                       nvbit        000000
__Hnvrram                      nvrram       000000
__Hparam                       rparam       000000
__Hpowerup                     powerup      0000A4
__Hram                         ram          000000
__Hramtop                      ramtop       001000
__Hrbit                        rbit         000000
__Hrbss                        rbss         000000
__Hrdata                       rdata        000000
__Hreset_vec                   reset_vec    000004
__Hrparam                      rparam       000000
__Hsfr                         sfr          000000
__Hsmallconst                  smallconst   00102A
__Hspace_0                     (abs)        004A1F
__Hspace_1                     (abs)        0001CA
__Hspace_2                     (abs)        000000
__Hspace_4                     (abs)        60000E
__Hstack                       stack        000000
__Hstruct                      struct       000000
__Htemp                        temp         000058
__Htext                        text         000000
__Htext0                       text0        000000
__Htext1                       text1        000000
__Htext10                      text10       000000
__Htext11                      text11       000000
__Htext12                      text12       000000
__Htext13                      text13       000000
__Htext14                      text14       000000
__Htext15                      text15       000000
__Htext16                      text16       000000
__Htext17                      text17       000000
__Htext18                      text18       000000
__Htext19                      text19       000000
__Htext2                       text2        000000
__Htext20                      text20       000000
__Htext21                      text21       000000
__Htext22                      text22       000000
__Htext23                      text23       000000
__Htext24                      text24       000000
__Htext25                      text25       000000
__Htext26                      text26       000000
__Htext27                      text27       000000
__Htext28                      text28       000000
__Htext29                      text29       000000
__Htext3                       text3        000000
__Htext30                      text30       000000
__Htext31                      text31       000000
__Htext32                      text32       000000
__Htext33                      text33       000000
__Htext34                      text34       000000
__Htext35                      text35       000000
__Htext36                      text36       000000
__Htext37                      text37       000000
__Htext38                      text38       000000
__Htext39                      text39       000000
__Htext4                       text4        000000
__Htext40                      text40       000000
__Htext41                      text41       000000
__Htext42                      text42       000000
__Htext44                      text44       000000
__Htext45                      text45       000000
__Htext46                      text46       000000
__Htext47                      text47       000000
__Htext48                      text48       000000
__Htext49                      text49       000000
__Htext5                       text5        000000
__Htext50                      text50       000000
__Htext52                      text52       000000
__Htext53                      text53       000000
__Htext6                       text6        000000
__Htext7                       text7        000000
__Htext8                       text8        000000
__Htext9                       text9        000000
__LRAM                         (abs)        000001
__Labs1                        abs1         000000
__Lbank0                       bank0        000000
__Lbank1                       bank1        000000
__Lbank10                      bank10       000000
__Lbank11                      bank11       000000
__Lbank12                      bank12       000000
__Lbank13                      bank13       000000
__Lbank14                      bank14       000000
__Lbank15                      bank15       000000
__Lbank2                       bank2        000000
__Lbank3                       bank3        000000
__Lbank4                       bank4        000000
__Lbank5                       bank5        000000
__Lbank6                       bank6        000000
__Lbank7                       bank7        000000
__Lbank8                       bank8        000000
__Lbank9                       bank9        000000
__Lbigbss                      bigbss       000000
__Lbigdata                     bigdata      000000
__Lbigram                      bigram       000000
__Lbss                         bss          000000
__LbssBANK0                    bssBANK0     000000
__LbssBANK1                    bssBANK1     000000
__LbssCOMRAM                   bssCOMRAM    000000
__Lcinit                       cinit        000000
__Lclrtext                     clrtext      000000
__Lcomram                      comram       000000
__Lconfig                      config       000000
__Lconst                       const        000000
__LcstackBANK0                 cstackBANK0  000000
__LcstackBANK1                 cstackBANK1  000000
__LcstackCOMRAM                cstackCOMRAM 000000
__Ldata                        data         000000
__LdataBANK0                   dataBANK0    000000
__LdataBANK1                   dataBANK1    000000
__LdataCOMRAM                  dataCOMRAM   000000
__Leeprom_data                 eeprom_data  000000
__Lfarbss                      farbss       000000
__Lfardata                     fardata      000000
__Libigdata                    ibigdata     000000
__Lidata                       idata        000000
__LidataBANK0                  idataBANK0   000000
__LidataBANK1                  idataBANK1   000000
__LidataCOMRAM                 idataCOMRAM  000000
__Lidloc                       idloc        000000
__Lifardata                    ifardata     000000
__Linit                        init         0000A4
__Lintcode                     intcode      000008
__Lintcode_body                intcode_body 000000
__Lintcodelo                   intcodelo    000018
__Lintentry                    intentry     000000
__Lintret                      intret       000000
__Lintsave_regs                intsave_regs 000000
__Lirdata                      irdata       000000
__Lmediumconst                 mediumconst  000000
__LnvBANK0                     nvBANK0      000000
__LnvFARRAM                    nvFARRAM     000000
__Lnvbit                       nvbit        000000
__Lnvrram                      nvrram       000000
__Lparam                       rparam       000000
__Lpowerup                     powerup      0000A4
__Lram                         ram          000000
__Lramtop                      ramtop       001000
__Lrbit                        rbit         000000
__Lrbss                        rbss         000000
__Lrdata                       rdata        000000
__Lreset_vec                   reset_vec    000000
__Lrparam                      rparam       000000
__Lsfr                         sfr          000000
__Lsmallconst                  smallconst   001000
__Lspace_0                     (abs)        000000
__Lspace_1                     (abs)        000000
__Lspace_2                     (abs)        000000
__Lspace_4                     (abs)        000000
__Lstack                       stack        000000
__Lstruct                      struct       000000
__Ltemp                        temp         000057
__Ltext                        text         000000
__Ltext0                       text0        000000
__Ltext1                       text1        000000
__Ltext10                      text10       000000
__Ltext11                      text11       000000
__Ltext12                      text12       000000
__Ltext13                      text13       000000
__Ltext14                      text14       000000
__Ltext15                      text15       000000
__Ltext16                      text16       000000
__Ltext17                      text17       000000
__Ltext18                      text18       000000
__Ltext19                      text19       000000
__Ltext2                       text2        000000
__Ltext20                      text20       000000
__Ltext21                      text21       000000
__Ltext22                      text22       000000
__Ltext23                      text23       000000
__Ltext24                      text24       000000
__Ltext25                      text25       000000
__Ltext26                      text26       000000
__Ltext27                      text27       000000
__Ltext28                      text28       000000
__Ltext29                      text29       000000
__Ltext3                       text3        000000
__Ltext30                      text30       000000
__Ltext31                      text31       000000
__Ltext32                      text32       000000
__Ltext33                      text33       000000
__Ltext34                      text34       000000
__Ltext35                      text35       000000
__Ltext36                      text36       000000
__Ltext37                      text37       000000
__Ltext38                      text38       000000
__Ltext39                      text39       000000
__Ltext4                       text4        000000
__Ltext40                      text40       000000
__Ltext41                      text41       000000
__Ltext42                      text42       000000
__Ltext44                      text44       000000
__Ltext45                      text45       000000
__Ltext46                      text46       000000
__Ltext47                      text47       000000
__Ltext48                      text48       000000
__Ltext49                      text49       000000
__Ltext5                       text5        000000
__Ltext50                      text50       000000
__Ltext52                      text52       000000
__Ltext53                      text53       000000
__Ltext6                       text6        000000
__Ltext7                       text7        000000
__Ltext8                       text8        000000
__Ltext9                       text9        000000
__S0                           (abs)        004A1F
__S1                           (abs)        0001CA
__S2                           (abs)        000000
__S4                           (abs)        000000
__S5                           (abs)        000000
___awdiv                       text30       003C7E
___awdiv@counter               cstackCOMRAM 00000C
___awdiv@dividend              cstackCOMRAM 000008
___awdiv@divisor               cstackCOMRAM 00000A
___awdiv@quotient              cstackCOMRAM 00000E
___awdiv@sign                  cstackCOMRAM 00000D
___awmod                       text29       00402A
___awmod@counter               cstackCOMRAM 00000C
___awmod@dividend              cstackCOMRAM 000008
___awmod@divisor               cstackCOMRAM 00000A
___awmod@sign                  cstackCOMRAM 00000D
___extmem_base                 (abs)        020000
___fladd                       text23       002224
___fladd@a                     cstackCOMRAM 00000C
___fladd@aexp                  cstackCOMRAM 000015
___fladd@b                     cstackCOMRAM 000008
___fladd@bexp                  cstackCOMRAM 000016
___fladd@grs                   cstackCOMRAM 000017
___fladd@signs                 cstackCOMRAM 000014
___fldiv                       text28       002B0E
___fldiv@a                     cstackCOMRAM 00000C
___fldiv@aexp                  cstackCOMRAM 000020
___fldiv@b                     cstackCOMRAM 000008
___fldiv@bexp                  cstackCOMRAM 00001F
___fldiv@grs                   cstackCOMRAM 00001B
___fldiv@new_exp               cstackCOMRAM 000019
___fldiv@rem                   cstackCOMRAM 000014
___fldiv@sign                  cstackCOMRAM 000018
___fleq                        text27       00418A
___fleq@ff1                    cstackCOMRAM 000008
___fleq@ff2                    cstackCOMRAM 00000C
___flge                        text26       0037D0
___flge@ff1                    cstackCOMRAM 00002F
___flge@ff2                    cstackCOMRAM 000033
___flmul                       text25       0026E4
___flmul@a                     cstackCOMRAM 00001A
___flmul@aexp                  cstackCOMRAM 000023
___flmul@b                     cstackCOMRAM 000016
___flmul@bexp                  cstackCOMRAM 000028
___flmul@grs                   cstackCOMRAM 000024
___flmul@prod                  cstackCOMRAM 000029
___flmul@sign                  cstackCOMRAM 000022
___flmul@temp                  cstackCOMRAM 00002D
___flneg                       text24       004856
___flneg@f1                    cstackCOMRAM 000008
___flsub                       text22       004794
___flsub@a                     cstackCOMRAM 000033
___flsub@b                     cstackCOMRAM 00002F
___fltol                       text21       0036CA
___fltol@exp1                  cstackCOMRAM 000011
___fltol@f1                    cstackCOMRAM 000008
___fltol@sign1                 cstackCOMRAM 000010
___fpclassifyf                 text20       0039D4
___fpclassifyf@F465            bssBANK1     000104
___fpclassifyf@e               cstackCOMRAM 000010
___fpclassifyf@u               cstackCOMRAM 000012
___fpclassifyf@x               cstackCOMRAM 000008
___inthi_sp                    stack        000000
___intlo_sp                    stack        000000
___param_bank                  (abs)        000000
___rparam_used                 (abs)        000001
___sp                          stack        000000
___wmul                        text34       004934
___wmul@multiplicand           cstackCOMRAM 00000A
___wmul@multiplier             cstackCOMRAM 000008
___wmul@product                cstackCOMRAM 00000C
___xxtofl                      text36       0030BA
___xxtofl@arg                  cstackCOMRAM 000012
___xxtofl@exp                  cstackCOMRAM 000011
___xxtofl@sign                 cstackCOMRAM 000010
___xxtofl@val                  cstackCOMRAM 000008
__accesstop                    (abs)        000060
__activetblptr                 (abs)        000003
__end_of_CCP1Handler           text49       00499C
__end_of_CCP3Handler           text47       00474C
__end_of_DACInterval           smallconst   001003
__end_of_DisplayC              text38       00497C
__end_of_DisplayV              text40       00402A
__end_of_EUSARTCommandHandler  text53       00448A
__end_of_HiPriISR              intcode_body 004704
__end_of_InitLCD               text42       003F76
__end_of_Initial               text41       0039D4
__end_of_LCDInitStr_           smallconst   00100A
__end_of_LoPriISR              intcodelo    0000A4
__end_of_TMR0Handler           text46       0048FE
__end_of_TMR1Handler           text45       004A1C
__end_of_TMR3Handler           text44       004A18
__end_of___awdiv               text30       003D42
__end_of___awmod               text29       0040DA
__end_of___fladd               text23       0026E4
__end_of___fldiv               text28       002EA8
__end_of___fleq                text27       004234
__end_of___flge                text26       0038D4
__end_of___flmul               text25       002B0E
__end_of___flneg               text24       00488E
__end_of___flsub               text22       0047DA
__end_of___fltol               text21       0037D0
__end_of___fpclassifyf         text20       003AD2
__end_of___wmul                text34       00495A
__end_of___xxtofl              text36       00326E
__end_of__initialization       cinit        004344
__end_of_aliveLED              text48       004794
__end_of_atoi                  text31       0035B8
__end_of_displayLCD            text37       0049B6
__end_of_efgtoa                text11       001C84
__end_of_floorf                text19       0030BA
__end_of_fputc                 text17       003C7E
__end_of_fputs                 text16       00481E
__end_of_handleADC             text6        003414
__end_of_isdigit               text33       0048C6
__end_of_isspace               text32       0046B6
__end_of_isupper               text13       004856
__end_of_main                  text0        0042CE
__end_of_pad                   text14       003E04
__end_of_putch                 text18       004A1E
__end_of_readADC               text35       004422
__end_of_readCommand           text4        0036CA
__end_of_sendContinuous        text3        004A10
__end_of_sendNext              text52       00418A
__end_of_sendPotentiometer     text2        0049FA
__end_of_sendTemperature       text1        0049E4
__end_of_sprintf               text7        004664
__end_of_strcmp                text5        0043BA
__end_of_strcpy                text39       0045AE
__end_of_strlen                text15       004934
__end_of_strncmp               text10       003BB4
__end_of_tolower               text12       004550
__end_of_updateDAC             text50       003EC0
__end_of_vfpfcnvrt             text9        002224
__end_of_vfprintf              text8        0044F0
__initialization               cinit        0042CE
__mediumconst                  mediumconst  000000
__pbssBANK0                    bssBANK0     0000B8
__pbssBANK1                    bssBANK1     000100
__pbssCOMRAM                   bssCOMRAM    00004F
__pcinit                       cinit        0042CE
__pcstackBANK0                 cstackBANK0  000060
__pcstackBANK1                 cstackBANK1  0001C2
__pcstackCOMRAM                cstackCOMRAM 000001
__pdataBANK0                   dataBANK0    0000E3
__pdataBANK1                   dataBANK1    000166
__pdataCOMRAM                  dataCOMRAM   000056
__pidataBANK0                  idataBANK0   0049B6
__pidataBANK1                  idataBANK1   0045AE
__pidataCOMRAM                 idataCOMRAM  004A1E
__pintcode                     intcode      000008
__pintcode_body                intcode_body 0046B6
__pintcodelo                   intcodelo    000018
__pnvBANK0                     nvBANK0      0000FA
__psmallconst                  smallconst   001000
__ptext0                       text0        004234
__ptext1                       text1        0049CE
__ptext10                      text10       003AD2
__ptext11                      text11       00102A
__ptext12                      text12       0044F0
__ptext13                      text13       00481E
__ptext14                      text14       003D42
__ptext15                      text15       0048FE
__ptext16                      text16       0047DA
__ptext17                      text17       003BB4
__ptext18                      text18       004A1C
__ptext19                      text19       002EA8
__ptext2                       text2        0049E4
__ptext20                      text20       0039D4
__ptext21                      text21       0036CA
__ptext22                      text22       004794
__ptext23                      text23       002224
__ptext24                      text24       004856
__ptext25                      text25       0026E4
__ptext26                      text26       0037D0
__ptext27                      text27       00418A
__ptext28                      text28       002B0E
__ptext29                      text29       00402A
__ptext3                       text3        0049FA
__ptext30                      text30       003C7E
__ptext31                      text31       003414
__ptext32                      text32       004664
__ptext33                      text33       00488E
__ptext34                      text34       004934
__ptext35                      text35       0043BA
__ptext36                      text36       0030BA
__ptext37                      text37       00499C
__ptext38                      text38       00495A
__ptext39                      text39       004550
__ptext4                       text4        0035B8
__ptext40                      text40       003F76
__ptext41                      text41       0038D4
__ptext42                      text42       003EC0
__ptext44                      text44       004A10
__ptext45                      text45       004A18
__ptext46                      text46       0048C6
__ptext47                      text47       004704
__ptext48                      text48       00474C
__ptext49                      text49       00497C
__ptext5                       text5        00434E
__ptext50                      text50       003E04
__ptext52                      text52       0040DA
__ptext53                      text53       004422
__ptext6                       text6        00326E
__ptext7                       text7        00460A
__ptext8                       text8        00448A
__ptext9                       text9        001C84
__ramtop                       ramtop       001000
__size_of_CCP1Handler          (abs)        000000
__size_of_CCP3Handler          (abs)        000000
__size_of_DisplayC             (abs)        000000
__size_of_DisplayV             (abs)        000000
__size_of_EUSARTCommandHandler (abs)        000000
__size_of_HiPriISR             (abs)        000000
__size_of_InitLCD              (abs)        000000
__size_of_Initial              (abs)        000000
__size_of_LoPriISR             (abs)        000000
__size_of_TMR0Handler          (abs)        000000
__size_of_TMR1Handler          (abs)        000000
__size_of_TMR3Handler          (abs)        000000
__size_of___awdiv              (abs)        000000
__size_of___awmod              (abs)        000000
__size_of___fladd              (abs)        000000
__size_of___fldiv              (abs)        000000
__size_of___fleq               (abs)        000000
__size_of___flge               (abs)        000000
__size_of___flmul              (abs)        000000
__size_of___flneg              (abs)        000000
__size_of___flsub              (abs)        000000
__size_of___fltol              (abs)        000000
__size_of___fpclassifyf        (abs)        000000
__size_of___wmul               (abs)        000000
__size_of___xxtofl             (abs)        000000
__size_of_aliveLED             (abs)        000000
__size_of_atoi                 (abs)        000000
__size_of_displayLCD           (abs)        000000
__size_of_efgtoa               (abs)        000000
__size_of_floorf               (abs)        000000
__size_of_fputc                (abs)        000000
__size_of_fputs                (abs)        000000
__size_of_handleADC            (abs)        000000
__size_of_isdigit              (abs)        000000
__size_of_isspace              (abs)        000000
__size_of_isupper              (abs)        000000
__size_of_main                 (abs)        000000
__size_of_pad                  (abs)        000000
__size_of_putch                (abs)        000000
__size_of_readADC              (abs)        000000
__size_of_readCommand          (abs)        000000
__size_of_sendContinuous       (abs)        000000
__size_of_sendNext             (abs)        000000
__size_of_sendPotentiometer    (abs)        000000
__size_of_sendTemperature      (abs)        000000
__size_of_sprintf              (abs)        000000
__size_of_strcmp               (abs)        000000
__size_of_strcpy               (abs)        000000
__size_of_strlen               (abs)        000000
__size_of_strncmp              (abs)        000000
__size_of_tolower              (abs)        000000
__size_of_updateDAC            (abs)        000000
__size_of_vfpfcnvrt            (abs)        000000
__size_of_vfprintf             (abs)        000000
__smallconst                   smallconst   001000
_aliveLED                      text48       00474C
_atoi                          text31       003414
_atoi$2365                     cstackCOMRAM 000017
_atoi$2366                     cstackCOMRAM 00001B
_atoi$2367                     cstackCOMRAM 000019
_buffer                        bssBANK1     00015C
_byteToSend                    bssBANK0     0000DC
_checkCONTOFF                  dataBANK1    000187
_checkCONTON                   dataBANK1    000191
_checkPOT                      dataBANK1    00019B
_checkTEMP                     dataBANK1    0001A5
_contSend                      dataBANK1    000166
_currentBin                    bssBANK0     0000C8
_currentCCPR3                  nvBANK0      0000FA
_currentTMR3                   bssBANK1     000108
_dbuf                          bssBANK1     00010C
_displayLCD                    text37       00499C
_efgtoa                        text11       00102A
_efgtoa$2300                   cstackBANK0  000060
_efgtoa$2301                   cstackBANK0  000062
_efgtoa$2306                   cstackBANK0  000064
_efgtoa$2310                   cstackBANK0  000066
_efgtoa$2311                   cstackBANK0  000068
_efgtoa$2312                   cstackBANK0  00006A
_firstread                     dataBANK0    0000ED
_flags                         bssCOMRAM    000051
_floorf                        text19       002EA8
_fputc                         text17       003BB4
_fputs                         text16       0047DA
_handleADC                     text6        00326E
_i                             bssCOMRAM    000053
_isdigit                       text33       00488E
_isspace                       text32       004664
_isspace$2396                  cstackCOMRAM 00000E
_isupper                       text13       00481E
_main                          text0        004234
_nout                          bssBANK0     0000C0
_oldLATD                       bssBANK0     0000E2
_pad                           text14       003D42
_pot                           bssBANK0     0000B8
_potLCD                        dataBANK0    0000EE
_potSend                       dataBANK1    000179
_potentiometer                 bssBANK0     0000CC
_prec                          bssCOMRAM    00004F
_putch                         text18       004A1C
_readADC                       text35       0043BA
_readCommand                   text4        0035B8
_row1LCD                       dataBANK1    0001B9
_row2LCD                       dataBANK1    0001AF
_rxFin                         bssBANK0     0000DB
_sendCONT                      bssBANK0     0000DF
_sendContinuous                text3        0049FA
_sendERROR                     bssBANK0     0000DE
_sendI                         bssCOMRAM    000054
_sendNext                      text52       0040DA
_sendPOT                       bssCOMRAM    000055
_sendPotentiometer             text2        0049E4
_sendTEMP                      bssBANK0     0000E0
_sendTemperature               text1        0049CE
_sensor                        bssBANK0     0000E1
_sprintf                       text7        00460A
_strcmp                        text5        00434E
_strcpy                        text39       004550
_strlen                        text15       0048FE
_strncmp                       text10       003AD2
_temp                          bssBANK0     0000BC
_tempLCD                       dataBANK0    0000F4
_tempSend                      dataBANK1    000180
_temperature                   bssBANK0     0000CE
_temporary                     bssBANK0     0000DD
_timeOFF                       dataBANK0    0000E3
_timeON                        dataBANK0    0000E7
_tolower                       text12       0044F0
_tolower$2463                  cstackCOMRAM 000014
_trash                         bssBANK0     0000CA
_trashSPI                      bssBANK0     0000D2
_upDown                        bssBANK0     0000D3
_updateDAC                     text50       003E04
_vfpfcnvrt                     text9        001C84
_vfpfcnvrt$2326                cstackBANK0  00009C
_vfpfcnvrt$2327                cstackBANK0  00009E
_vfpfcnvrt$2331                cstackBANK0  0000A0
_vfprintf                      text8        00448A
_width                         bssBANK0     0000C2
atoi@n                         cstackCOMRAM 00001C
atoi@neg                       cstackCOMRAM 000015
atoi@s                         cstackCOMRAM 00000F
btemp                          temp         000057
efgtoa@c                       cstackCOMRAM 000041
efgtoa@d                       cstackBANK0  000078
efgtoa@e                       cstackBANK0  000090
efgtoa@f                       cstackCOMRAM 00003D
efgtoa@fp                      cstackCOMRAM 00003B
efgtoa@g                       cstackBANK0  00008C
efgtoa@h                       cstackBANK0  000082
efgtoa@i                       cstackBANK0  00008A
efgtoa@l                       cstackBANK0  000086
efgtoa@m                       cstackBANK0  000072
efgtoa@mode                    cstackBANK0  000081
efgtoa@n                       cstackBANK0  000092
efgtoa@ne                      cstackBANK0  000070
efgtoa@nmode                   cstackBANK0  000080
efgtoa@ou                      cstackBANK0  000074
efgtoa@p                       cstackBANK0  00007C
efgtoa@pp                      cstackBANK0  00006E
efgtoa@sign                    cstackBANK0  00007A
efgtoa@t                       cstackBANK0  00006C
efgtoa@u                       cstackBANK0  000094
efgtoa@w                       cstackBANK0  00007E
end_of_initialization          cinit        004344
floorf@F527                    bssBANK1     000100
floorf@e                       cstackCOMRAM 00002F
floorf@m                       cstackCOMRAM 00002B
floorf@u                       cstackCOMRAM 000031
floorf@x                       cstackCOMRAM 000021
fputc@c                        cstackCOMRAM 000008
fputc@fp                       cstackCOMRAM 00000A
fputs@c                        cstackCOMRAM 000015
fputs@fp                       cstackCOMRAM 000013
fputs@i                        cstackCOMRAM 000016
fputs@s                        cstackCOMRAM 000011
int$flags                      temp         000057
int_func                       intcode_body 0046B6
intlevel0                      text         000000
intlevel1                      text         000000
intlevel2                      text         000000
intlevel3                      text         000000
isa$std                        (abs)        000001
isa$xinst                      (abs)        000000
isdigit@c                      cstackCOMRAM 000008
isspace@c                      cstackCOMRAM 000008
isupper@c                      cstackCOMRAM 000008
pad@buf                        cstackCOMRAM 00001A
pad@fp                         cstackCOMRAM 000018
pad@i                          cstackCOMRAM 00001F
pad@p                          cstackCOMRAM 00001C
pad@w                          cstackCOMRAM 000021
sprintf@ap                     cstackBANK1  0001C2
sprintf@f                      cstackBANK1  0001C4
sprintf@fmt                    cstackBANK0  0000B2
sprintf@s                      cstackBANK0  0000B0
stackhi                        (abs)        000F15
stacklo                        (abs)        0001CA
start                          init         0000A4
start_initialization           cinit        0042CE
strcmp@l                       cstackCOMRAM 000008
strcmp@r                       cstackCOMRAM 00000A
strcpy@d                       cstackCOMRAM 000010
strcpy@dest                    cstackCOMRAM 000008
strcpy@s                       cstackCOMRAM 00000E
strcpy@src                     cstackCOMRAM 00000A
strlen@a                       cstackCOMRAM 00000A
strlen@s                       cstackCOMRAM 000008
strncmp@_l                     cstackCOMRAM 000008
strncmp@_r                     cstackCOMRAM 00000A
strncmp@l                      cstackCOMRAM 00000F
strncmp@n                      cstackCOMRAM 00000C
strncmp@r                      cstackCOMRAM 000011
tolower@c                      cstackCOMRAM 00000E
ttemp5                         temp         000058
ttemp6                         temp         00005B
ttemp7                         temp         00005F
vfpfcnvrt@ap                   cstackCOMRAM 00004B
vfpfcnvrt@c                    cstackBANK0  0000A9
vfpfcnvrt@ct                   cstackBANK0  0000A6
vfpfcnvrt@f                    cstackBANK0  0000A2
vfpfcnvrt@fmt                  cstackCOMRAM 000049
vfpfcnvrt@fp                   cstackCOMRAM 000047
vfprintf@ap                    cstackBANK0  0000AE
vfprintf@cfmt                  cstackCOMRAM 00004D
vfprintf@fmt                   cstackBANK0  0000AC
vfprintf@fp                    cstackBANK0  0000AA
wtemp8                         temp         000058


MODULE INFORMATION

Module		Function		Class		Link	Load	Size
C:\Program Files\Microchip\xc8\v2.32\pic\sources\c99\common\nf_sprintf.c
		_sprintf       		CODE           	460A	0000	90

C:\Program Files\Microchip\xc8\v2.32\pic\sources\c99\common\nf_sprintf.c estimated size: 90

C:\Program Files\Microchip\xc8\v2.32\pic\sources\c99\common\awdiv.c
		___awdiv       		CODE           	3C7E	0000	196

C:\Program Files\Microchip\xc8\v2.32\pic\sources\c99\common\awdiv.c estimated size: 196

../LCDroutinesEasyPic.c
		_InitLCD       		CODE           	3EC0	0000	182
		_DisplayC      		CODE           	495A	0000	34
		_DisplayV      		CODE           	3F76	0000	180

../LCDroutinesEasyPic.c estimated size: 396

C:\Program Files\Microchip\xc8\v2.32\pic\sources\c99\common\isdigit.c
		_isdigit       		CODE           	488E	0000	56

C:\Program Files\Microchip\xc8\v2.32\pic\sources\c99\common\isdigit.c estimated size: 56

C:\Program Files\Microchip\xc8\v2.32\pic\sources\c99\common\sprcadd.c
		___flsub       		CODE           	4794	0000	70
		___fladd       		CODE           	2224	0000	1216

C:\Program Files\Microchip\xc8\v2.32\pic\sources\c99\common\sprcadd.c estimated size: 1286

C:\Program Files\Microchip\xc8\v2.32\pic\sources\c99\common\doprnt.c
		_vfpfcnvrt     		CODE           	1C84	0000	1440
		_efgtoa        		CODE           	102A	0000	3162
		_pad           		CODE           	3D42	0000	194
		_vfprintf      		CODE           	448A	0000	102

C:\Program Files\Microchip\xc8\v2.32\pic\sources\c99\common\doprnt.c estimated size: 4898

C:\Program Files\Microchip\xc8\v2.32\pic\sources\c99\common\flneg.c
		___flneg       		CODE           	4856	0000	56

C:\Program Files\Microchip\xc8\v2.32\pic\sources\c99\common\flneg.c estimated size: 56

C:/Users/Will/Universal Documents/Academics/CU Boulder/2021/Fall 2021/Microavionics/Labs/Lab6/Watkins_William_Lab6_Part2.c
		_aliveLED      		CODE           	474C	0000	72
		_displayLCD    		CODE           	499C	0000	26
		_main          		CODE           	4234	0000	154
		_CCP1Handler   		CODE           	497C	0000	32
		_Initial       		CODE           	38D4	0000	256
		_sendContinuous		CODE           	49FA	0000	22
		_CCP3Handler   		CODE           	4704	0000	72
		_EUSARTCommandHandler		CODE           	4422	0000	104
		_sendNext      		CODE           	40DA	0000	176
		_sendTemperature		CODE           	49CE	0000	22
		_HiPriISR      		CODE           	0008	0000	84
		_handleADC     		CODE           	326E	0000	422
		_TMR0Handler   		CODE           	48C6	0000	56
		_LoPriISR      		CODE           	0018	0000	140
		_TMR1Handler   		CODE           	4A18	0000	4
		_updateDAC     		CODE           	3E04	0000	188
		_readADC       		CODE           	43BA	0000	104
		_sendPotentiometer		CODE           	49E4	0000	22
		_readCommand   		CODE           	35B8	0000	274
		_TMR3Handler   		CODE           	4A10	0000	8

C:/Users/Will/Universal Documents/Academics/CU Boulder/2021/Fall 2021/Microavionics/Labs/Lab6/Watkins_William_Lab6_Part2.c estimated size: 2238

C:\Program Files\Microchip\xc8\v2.32\pic\sources\c99\common\atoi.c
		_atoi          		CODE           	3414	0000	420

C:\Program Files\Microchip\xc8\v2.32\pic\sources\c99\common\atoi.c estimated size: 420

C:\Program Files\Microchip\xc8\v2.32\pic\sources\c99\common\nf_fputs.c
		_fputs         		CODE           	47DA	0000	68

C:\Program Files\Microchip\xc8\v2.32\pic\sources\c99\common\nf_fputs.c estimated size: 68

C:\Program Files\Microchip\xc8\v2.32\pic\sources\c99\common\fleq.c
		___fleq        		CODE           	418A	0000	170

C:\Program Files\Microchip\xc8\v2.32\pic\sources\c99\common\fleq.c estimated size: 170

C:\Program Files\Microchip\xc8\v2.32\pic\sources\c99\common\putch.c
		_putch         		CODE           	4A1C	0000	2

C:\Program Files\Microchip\xc8\v2.32\pic\sources\c99\common\putch.c estimated size: 2

C:\Program Files\Microchip\xc8\v2.32\pic\sources\c99\common\__fpclassifyf.c
		___fpclassifyf 		CODE           	39D4	0000	254

C:\Program Files\Microchip\xc8\v2.32\pic\sources\c99\common\__fpclassifyf.c estimated size: 254

C:\Program Files\Microchip\xc8\v2.32\pic\sources\c99\common\isupper.c
		_isupper       		CODE           	481E	0000	56

C:\Program Files\Microchip\xc8\v2.32\pic\sources\c99\common\isupper.c estimated size: 56

C:\Program Files\Microchip\xc8\v2.32\pic\sources\c99\common\Umul16.c
		___wmul        		CODE           	4934	0000	38

C:\Program Files\Microchip\xc8\v2.32\pic\sources\c99\common\Umul16.c estimated size: 38

C:\Program Files\Microchip\xc8\v2.32\pic\sources\c99\common\isspace.c
		_isspace       		CODE           	4664	0000	82

C:\Program Files\Microchip\xc8\v2.32\pic\sources\c99\common\isspace.c estimated size: 82

C:\Program Files\Microchip\xc8\v2.32\pic\sources\c99\common\strncmp.c
		_strncmp       		CODE           	3AD2	0000	226

C:\Program Files\Microchip\xc8\v2.32\pic\sources\c99\common\strncmp.c estimated size: 226

C:\Program Files\Microchip\xc8\v2.32\pic\sources\c99\common\tolower.c
		_tolower       		CODE           	44F0	0000	96

C:\Program Files\Microchip\xc8\v2.32\pic\sources\c99\common\tolower.c estimated size: 96

shared
		_LCDInitStr_   		SMALLCONST     	1003	0000	7
		__initialization		CODE           	42CE	0000	118
		_DACInterval   		SMALLCONST     	0000	0000	0

shared estimated size: 125

C:\Program Files\Microchip\xc8\v2.32\pic\sources\c99\common\sprcmul.c
		___flmul       		CODE           	26E4	0000	1066

C:\Program Files\Microchip\xc8\v2.32\pic\sources\c99\common\sprcmul.c estimated size: 1066

C:\Program Files\Microchip\xc8\v2.32\pic\sources\c99\common\awmod.c
		___awmod       		CODE           	402A	0000	176

C:\Program Files\Microchip\xc8\v2.32\pic\sources\c99\common\awmod.c estimated size: 176

C:\Program Files\Microchip\xc8\v2.32\pic\sources\c99\common\sprcdiv.c
		___fldiv       		CODE           	2B0E	0000	922

C:\Program Files\Microchip\xc8\v2.32\pic\sources\c99\common\sprcdiv.c estimated size: 922

C:\Program Files\Microchip\xc8\v2.32\pic\sources\c99\common\fltol.c
		___fltol       		CODE           	36CA	0000	262

C:\Program Files\Microchip\xc8\v2.32\pic\sources\c99\common\fltol.c estimated size: 262

C:\Program Files\Microchip\xc8\v2.32\pic\sources\c99\common\xxtofl.c
		___xxtofl      		CODE           	30BA	0000	436

C:\Program Files\Microchip\xc8\v2.32\pic\sources\c99\common\xxtofl.c estimated size: 436

C:\Program Files\Microchip\xc8\v2.32\pic\sources\c99\common\nf_fputc.c
		_fputc         		CODE           	3BB4	0000	202

C:\Program Files\Microchip\xc8\v2.32\pic\sources\c99\common\nf_fputc.c estimated size: 202

C:\Program Files\Microchip\xc8\v2.32\pic\sources\c99\common\strlen.c
		_strlen        		CODE           	48FE	0000	54

C:\Program Files\Microchip\xc8\v2.32\pic\sources\c99\common\strlen.c estimated size: 54

C:\Program Files\Microchip\xc8\v2.32\pic\sources\c99\common\flge.c
		___flge        		CODE           	37D0	0000	260

C:\Program Files\Microchip\xc8\v2.32\pic\sources\c99\common\flge.c estimated size: 260

C:\Program Files\Microchip\xc8\v2.32\pic\sources\c99\common\floorf.c
		_floorf        		CODE           	2EA8	0000	530

C:\Program Files\Microchip\xc8\v2.32\pic\sources\c99\common\floorf.c estimated size: 530

C:\Program Files\Microchip\xc8\v2.32\pic\sources\c99\common\strcmp.c
		_strcmp        		CODE           	434E	0000	108

C:\Program Files\Microchip\xc8\v2.32\pic\sources\c99\common\strcmp.c estimated size: 108

C:\Program Files\Microchip\xc8\v2.32\pic\sources\c99\common\strcpy.c
		_strcpy        		CODE           	4550	0000	94

C:\Program Files\Microchip\xc8\v2.32\pic\sources\c99\common\strcpy.c estimated size: 94

