Microchip MPLAB XC8 Compiler V2.32

Linker command line:

-W-3 --edf=C:\Program Files\Microchip\xc8\v2.32\pic\dat\en_msgs.txt -cn \
  -h+dist/default/production\FinalProject.X.production.sym \
  --cmf=dist/default/production\FinalProject.X.production.cmf -z -Q18F87K22 \
  -oC:\Users\Will\AppData\Local\Temp\xcAsn30.4 --defsym=__MPLAB_BUILD=1 \
  -Mdist/default/production/FinalProject.X.production.map -E1 \
  -ver=XC8 Compiler --acfsm=1493 -ASTACK=060h-0F15h -pstack=STACK \
  -ACODE=00h-01FFFFh -ACONST=00h-01FFFFh -ASMALLCONST=01000h-010FFhx496 \
  -AMEDIUMCONST=01000h-0FFFFh,011000h-01FFFFh -ACOMRAM=01h-05Fh \
  -AABS1=00h-0F15h -ABIGRAM=01h-0F15h \
  -ARAM=060h-0FFh,0100h-01FFhx14,0F00h-0F15h -ABANK0=060h-0FFh \
  -ABANK1=0100h-01FFh -ABANK2=0200h-02FFh -ABANK3=0300h-03FFh \
  -ABANK4=0400h-04FFh -ABANK5=0500h-05FFh -ABANK6=0600h-06FFh \
  -ABANK7=0700h-07FFh -ABANK8=0800h-08FFh -ABANK9=0900h-09FFh \
  -ABANK10=0A00h-0AFFh -ABANK11=0B00h-0BFFh -ABANK12=0C00h-0CFFh \
  -ABANK13=0D00h-0DFFh -ABANK14=0E00h-0EFFh -ABANK15=0F00h-0F15h \
  -ASFR=0F16h-0F5Fh,0F60h-0FFFh -ACONFIG=0300000h-030000Dh \
  -AIDLOC=0200000h-0200007h -AEEDATA=0F00000h-0F003FFh -peeprom_data=EEDATA \
  -preset_vec=00h,intcode=08h,intcodelo=018h,powerup,init -pramtop=01000h \
  -psmallconst=SMALLCONST -pmediumconst=MEDIUMCONST -pconst=CONST \
  -AFARRAM=00h-00h \
  -prdata=COMRAM,nvrram=COMRAM,nvbit=COMRAM,rbss=COMRAM,rbit=COMRAM \
  -pfarbss=FARRAM,fardata=FARRAM,nvFARRAM=FARRAM \
  -pintsave_regs=BIGRAM,bigbss=BIGRAM,bigdata=BIGRAM -pbss=RAM \
  -pidata=CODE,irdata=CODE,ibigdata=CODE,ifardata=CODE -prparam=COMRAM \
  C:\Users\Will\AppData\Local\Temp\xcAsn30.o \
  dist/default/production\FinalProject.X.production.o 

Object code version is 3.11

Machine type is 18F87K22



                Name                               Link     Load   Length Selector   Space Scale
C:\Users\Will\AppData\Local\Temp\xcAsn30.o
                idloc                            200000   200000        8        0       5
                config                           300000   300000        E        0       4
                init                                 62       62        4        C       0
                reset_vec                             0        0        4        0       0
dist/default/production\FinalProject.X.production.o
                intcodelo                            18       18       4A        C       0
                intcode                               8        8        6        4       0
                idloc                            200000   200000        8        0       5
                config                           300000   300000        E        0       4
                temp                                 32       32        1        1       1
                smallconst                         1000     1000        4      800       0
                intcode_body                       109E     109E       36      802       0
                text4                              10D4     10D4       24      802       0
                text3                              110E     110E        4      802       0
                text1                              1004     1004       64      802       0
                text0                              10F8     10F8        C      802       0
                cstackCOMRAM                         2F       2F        3        1       1
                dataCOMRAM                           25       25        A        1       1
                bssCOMRAM                             1        1       24        1       1
                cinit                              1068     1068       36      802       0
                idataCOMRAM                        1104     1104        A      802       0

TOTAL           Name                               Link     Load   Length     Space
        CLASS   STACK          

        CLASS   CODE           
                intcodelo                            18       18       4A         0
                intcode                               8        8        6         0
                init                                 62       62        4         0
                reset_vec                             0        0        4         0
                intcode_body                       109E     109E       36         0
                text4                              10D4     10D4       24         0
                text3                              110E     110E        4         0
                text1                              1004     1004       64         0
                text0                              10F8     10F8        C         0
                cinit                              1068     1068       36         0
                idataCOMRAM                        1104     1104        A         0

        CLASS   CONST          

        CLASS   SMALLCONST     
                smallconst                         1000     1000        4         0

        CLASS   MEDIUMCONST    

        CLASS   COMRAM         
                temp                                 32       32        1         1
                cstackCOMRAM                         2F       2F        3         1
                dataCOMRAM                           25       25        A         1
                bssCOMRAM                             1        1       24         1

        CLASS   ABS1           

        CLASS   BIGRAM         

        CLASS   RAM            

        CLASS   BANK0          

        CLASS   BANK1          

        CLASS   BANK2          

        CLASS   BANK3          

        CLASS   BANK4          

        CLASS   BANK5          

        CLASS   BANK6          

        CLASS   BANK7          

        CLASS   BANK8          

        CLASS   BANK9          

        CLASS   BANK10         

        CLASS   BANK11         

        CLASS   BANK12         

        CLASS   BANK13         

        CLASS   BANK14         

        CLASS   BANK15         

        CLASS   SFR            

        CLASS   CONFIG         
                config                           300000   300000        E         4

        CLASS   IDLOC          
                idloc                            200000   200000        8         5

        CLASS   EEDATA         

        CLASS   FARRAM         



SEGMENTS        Name                           Load    Length   Top    Selector   Space  Class

                reset_vec                      000000  000004  000004         0       0  CODE    
                bssCOMRAM                      000001  000032  000033         1       1  COMRAM  
                intcode                        000008  000006  00000E         4       0  CODE    
                intcodelo                      000018  00004E  000066         C       0  CODE    
                smallconst                     001000  000004  001004       800       0  SMALLCON
                text1                          001004  00010E  001112       802       0  CODE    


UNUSED ADDRESS RANGES

        Name                Unused          Largest block    Delta
        BANK0            000060-0000FF               A0
        BANK1            000100-0001FF              100
        BANK10           000A00-000AFF              100
        BANK11           000B00-000BFF              100
        BANK12           000C00-000CFF              100
        BANK13           000D00-000DFF              100
        BANK14           000E00-000EFF              100
        BANK15           000F00-000F15               16
        BANK2            000200-0002FF              100
        BANK3            000300-0003FF              100
        BANK4            000400-0004FF              100
        BANK5            000500-0005FF              100
        BANK6            000600-0006FF              100
        BANK7            000700-0007FF              100
        BANK8            000800-0008FF              100
        BANK9            000900-0009FF              100
        BIGRAM           000033-000F15              EE3
        CODE             000004-000007                4
                         00000E-000017                A
                         000066-000FFF              F9A
                         001112-01FFFF            1EEEE
        COMRAM           000033-00005F               2D
        CONST            000004-000007                4
                         00000E-000017                A
                         000066-000FFF              F9A
                         001112-01FFFF            1EEEE
        EEDATA           F00000-F003FF              400
        MEDIUMCONST      001112-00FFFF             EEEE
                         011000-01FFFF             F000
        RAM              000060-000F15              100
        SFR              000F16-000FFF               4A
        SMALLCONST       001112-01FFFF              100
        STACK            000060-000F15              EB6

                                  Symbol Table

_BAUDCON1                (abs)        000F65
_CCP1CON                 (abs)        000FBB
_CCP1Handler             text4        0010D4
_CCPR1                   (abs)        000FBC
_CCPTMRS0bits            (abs)        000F2D
_HiPriISR                intcode      000008
_INTCONbits              (abs)        000FF2
_IPR1bits                (abs)        000F9F
_IPR3bits                (abs)        000FA5
_Initial                 text1        001004
_LATA                    (abs)        000F89
_LATC                    (abs)        000F8B
_LATD                    (abs)        000F8C
_LATEbits                (abs)        000F8D
_LoPriISR                intcodelo    000018
_PIE1bits                (abs)        000F9D
_PIE3bits                (abs)        000FA3
_PIR1bits                (abs)        000F9E
_PIR3bits                (abs)        000FA4
_PORTD                   (abs)        000F83
_RCONbits                (abs)        000FD0
_RCSTA1                  (abs)        000FAB
_RCSTA1bits              (abs)        000FAB
_SPBRG1                  (abs)        000FAF
_T1CON                   (abs)        000FCD
_T1CONbits               (abs)        000FCD
_TMR1                    (abs)        000FCE
_TMR1Handler             text3        00110E
_TRISA                   (abs)        000F92
_TRISC                   (abs)        000F94
_TRISD                   (abs)        000F95
_TRISE                   (abs)        000F96
_TXREG1                  (abs)        000FAD
_TXSTA1                  (abs)        000FAC
__HRAM                   (abs)        000000
__Habs1                  abs1         000000
__Hbank0                 bank0        000000
__Hbank1                 bank1        000000
__Hbank10                bank10       000000
__Hbank11                bank11       000000
__Hbank12                bank12       000000
__Hbank13                bank13       000000
__Hbank14                bank14       000000
__Hbank15                bank15       000000
__Hbank2                 bank2        000000
__Hbank3                 bank3        000000
__Hbank4                 bank4        000000
__Hbank5                 bank5        000000
__Hbank6                 bank6        000000
__Hbank7                 bank7        000000
__Hbank8                 bank8        000000
__Hbank9                 bank9        000000
__Hbigbss                bigbss       000000
__Hbigdata               bigdata      000000
__Hbigram                bigram       000000
__Hbss                   bss          000000
__HbssCOMRAM             bssCOMRAM    000000
__Hcinit                 cinit        000000
__Hclrtext               clrtext      000000
__Hcomram                comram       000000
__Hconfig                config       30000E
__Hconst                 const        000000
__HcstackCOMRAM          cstackCOMRAM 000000
__Hdata                  data         000000
__HdataCOMRAM            dataCOMRAM   000000
__Heeprom_data           eeprom_data  000000
__Hfarbss                farbss       000000
__Hfardata               fardata      000000
__Hibigdata              ibigdata     000000
__Hidata                 idata        000000
__HidataCOMRAM           idataCOMRAM  000000
__Hidloc                 idloc        200008
__Hifardata              ifardata     000000
__Hinit                  init         000066
__Hintcode               intcode      00000E
__Hintcode_body          intcode_body 000000
__Hintcodelo             intcodelo    000062
__Hintentry              intentry     000000
__Hintret                intret       000000
__Hintsave_regs          intsave_regs 000000
__Hirdata                irdata       000000
__Hmediumconst           mediumconst  000000
__HnvFARRAM              nvFARRAM     000000
__Hnvbit                 nvbit        000000
__Hnvrram                nvrram       000000
__Hparam                 rparam       000000
__Hpowerup               powerup      000062
__Hram                   ram          000000
__Hramtop                ramtop       001000
__Hrbit                  rbit         000000
__Hrbss                  rbss         000000
__Hrdata                 rdata        000000
__Hreset_vec             reset_vec    000004
__Hrparam                rparam       000000
__Hsfr                   sfr          000000
__Hsmallconst            smallconst   001004
__Hspace_0               (abs)        001112
__Hspace_1               (abs)        000033
__Hspace_2               (abs)        000000
__Hspace_4               (abs)        60000E
__Hstack                 stack        000000
__Hstruct                struct       000000
__Htemp                  temp         000033
__Htext                  text         000000
__Htext0                 text0        000000
__Htext1                 text1        000000
__Htext3                 text3        000000
__Htext4                 text4        000000
__LRAM                   (abs)        000001
__Labs1                  abs1         000000
__Lbank0                 bank0        000000
__Lbank1                 bank1        000000
__Lbank10                bank10       000000
__Lbank11                bank11       000000
__Lbank12                bank12       000000
__Lbank13                bank13       000000
__Lbank14                bank14       000000
__Lbank15                bank15       000000
__Lbank2                 bank2        000000
__Lbank3                 bank3        000000
__Lbank4                 bank4        000000
__Lbank5                 bank5        000000
__Lbank6                 bank6        000000
__Lbank7                 bank7        000000
__Lbank8                 bank8        000000
__Lbank9                 bank9        000000
__Lbigbss                bigbss       000000
__Lbigdata               bigdata      000000
__Lbigram                bigram       000000
__Lbss                   bss          000000
__LbssCOMRAM             bssCOMRAM    000000
__Lcinit                 cinit        000000
__Lclrtext               clrtext      000000
__Lcomram                comram       000000
__Lconfig                config       000000
__Lconst                 const        000000
__LcstackCOMRAM          cstackCOMRAM 000000
__Ldata                  data         000000
__LdataCOMRAM            dataCOMRAM   000000
__Leeprom_data           eeprom_data  000000
__Lfarbss                farbss       000000
__Lfardata               fardata      000000
__Libigdata              ibigdata     000000
__Lidata                 idata        000000
__LidataCOMRAM           idataCOMRAM  000000
__Lidloc                 idloc        000000
__Lifardata              ifardata     000000
__Linit                  init         000062
__Lintcode               intcode      000008
__Lintcode_body          intcode_body 000000
__Lintcodelo             intcodelo    000018
__Lintentry              intentry     000000
__Lintret                intret       000000
__Lintsave_regs          intsave_regs 000000
__Lirdata                irdata       000000
__Lmediumconst           mediumconst  000000
__LnvFARRAM              nvFARRAM     000000
__Lnvbit                 nvbit        000000
__Lnvrram                nvrram       000000
__Lparam                 rparam       000000
__Lpowerup               powerup      000062
__Lram                   ram          000000
__Lramtop                ramtop       001000
__Lrbit                  rbit         000000
__Lrbss                  rbss         000000
__Lrdata                 rdata        000000
__Lreset_vec             reset_vec    000000
__Lrparam                rparam       000000
__Lsfr                   sfr          000000
__Lsmallconst            smallconst   001000
__Lspace_0               (abs)        000000
__Lspace_1               (abs)        000000
__Lspace_2               (abs)        000000
__Lspace_4               (abs)        000000
__Lstack                 stack        000000
__Lstruct                struct       000000
__Ltemp                  temp         000032
__Ltext                  text         000000
__Ltext0                 text0        000000
__Ltext1                 text1        000000
__Ltext3                 text3        000000
__Ltext4                 text4        000000
__S0                     (abs)        001112
__S1                     (abs)        000033
__S2                     (abs)        000000
__S4                     (abs)        000000
__S5                     (abs)        000000
___extmem_base           (abs)        020000
___inthi_sp              stack        000000
___intlo_sp              stack        000000
___param_bank            (abs)        000000
___rparam_used           (abs)        000001
___sp                    stack        000000
__accesstop              (abs)        000060
__activetblptr           (abs)        000003
__end_of_CCP1Handler     text4        0010F8
__end_of_HiPriISR        intcode_body 0010D4
__end_of_Initial         text1        001068
__end_of_LoPriISR        intcodelo    000062
__end_of_TMR1Handler     text3        001112
__end_of__initialization cinit        001094
__end_of_inputDelay      smallconst   001003
__end_of_main            text0        001104
__initialization         cinit        001068
__mediumconst            mediumconst  000000
__pbssCOMRAM             bssCOMRAM    000001
__pcinit                 cinit        001068
__pcstackCOMRAM          cstackCOMRAM 00002F
__pdataCOMRAM            dataCOMRAM   000025
__pidataCOMRAM           idataCOMRAM  001104
__pintcode               intcode      000008
__pintcode_body          intcode_body 00109E
__pintcodelo             intcodelo    000018
__psmallconst            smallconst   001000
__ptext0                 text0        0010F8
__ptext1                 text1        001004
__ptext3                 text3        00110E
__ptext4                 text4        0010D4
__ramtop                 ramtop       001000
__size_of_CCP1Handler    (abs)        000000
__size_of_HiPriISR       (abs)        000000
__size_of_Initial        (abs)        000000
__size_of_LoPriISR       (abs)        000000
__size_of_TMR1Handler    (abs)        000000
__size_of_main           (abs)        000000
__smallconst             smallconst   001000
_buffer                  bssCOMRAM    00000B
_buttonStack             bssCOMRAM    000015
_byteToSend              bssCOMRAM    00001E
_count                   bssCOMRAM    000023
_keyCodes                dataCOMRAM   000025
_keypressList            bssCOMRAM    000001
_main                    text0        0010F8
_maxSize                 dataCOMRAM   00002E
_oldPortD                bssCOMRAM    000021
_readyToSend             bssCOMRAM    000024
_rpgDir                  bssCOMRAM    000022
_rpgTemp                 bssCOMRAM    000020
_sendI                   bssCOMRAM    00001D
_temporary               bssCOMRAM    00001F
_top                     dataCOMRAM   00002D
_volumeControls          dataCOMRAM   00002A
btemp                    temp         000032
end_of_initialization    cinit        001094
int$flags                temp         000032
int_func                 intcode_body 00109E
intlevel0                text         000000
intlevel1                text         000000
intlevel2                text         000000
intlevel3                text         000000
isa$std                  (abs)        000001
isa$xinst                (abs)        000000
stackhi                  (abs)        000F15
stacklo                  (abs)        000060
start                    init         000062
start_initialization     cinit        001068
ttemp5                   temp         000033
ttemp6                   temp         000036
ttemp7                   temp         00003A
wtemp8                   temp         000033


MODULE INFORMATION

Module		Function		Class		Link	Load	Size
C:/Users/Will/Documents/GitHub/ASEN-5067-Microavionics/Final Project/FinalProject.X/FinalProjectMain.c
		_main          		CODE           	10F8	0000	12
		_CCP1Handler   		CODE           	10D4	0000	36
		_Initial       		CODE           	1004	0000	100
		_HiPriISR      		CODE           	0008	0000	60
		_LoPriISR      		CODE           	0018	0000	74
		_TMR1Handler   		CODE           	110E	0000	4

C:/Users/Will/Documents/GitHub/ASEN-5067-Microavionics/Final Project/FinalProject.X/FinalProjectMain.c estimated size: 286

shared
		_inputDelay    		SMALLCONST     	0000	0000	0
		__initialization		CODE           	1068	0000	44

shared estimated size: 44

